[0.486s] Invoking command in '/home/eashan-garg/MTRX4701_A4/src/perception': DEBUGINFOD_URLS=https://debuginfod.ubuntu.com PYTHONPATH=/home/eashan-garg/MTRX4701_A4/build/perception/prefix_override:/usr/lib/python3/dist-packages/colcon_core/task/python/colcon_distutils_commands:/home/eashan-garg/MTRX4701_A4/install/perception/lib/python3.12/site-packages:${PYTHONPATH} /usr/bin/python3 -W ignore:setup.py install is deprecated -W ignore:easy_install command is deprecated setup.py egg_info --egg-base ../../build/perception build --build-base /home/eashan-garg/MTRX4701_A4/build/perception/build install --record /home/eashan-garg/MTRX4701_A4/build/perception/install.log --single-version-externally-managed install_data
[0.651s] running egg_info
[0.651s] creating ../../build/perception/perception.egg-info
[0.662s] writing ../../build/perception/perception.egg-info/PKG-INFO
[0.663s] writing dependency_links to ../../build/perception/perception.egg-info/dependency_links.txt
[0.663s] writing entry points to ../../build/perception/perception.egg-info/entry_points.txt
[0.663s] writing requirements to ../../build/perception/perception.egg-info/requires.txt
[0.663s] writing top-level names to ../../build/perception/perception.egg-info/top_level.txt
[0.663s] writing manifest file '../../build/perception/perception.egg-info/SOURCES.txt'
[0.686s] reading manifest file '../../build/perception/perception.egg-info/SOURCES.txt'
[0.686s] writing manifest file '../../build/perception/perception.egg-info/SOURCES.txt'
[0.686s] running build
[0.686s] running build_py
[0.687s] creating /home/eashan-garg/MTRX4701_A4/build/perception/build
[0.687s] creating /home/eashan-garg/MTRX4701_A4/build/perception/build/lib
[0.687s] creating /home/eashan-garg/MTRX4701_A4/build/perception/build/lib/perception
[0.687s] copying perception/__init__.py -> /home/eashan-garg/MTRX4701_A4/build/perception/build/lib/perception
[0.687s] copying perception/checkers_perception_node.py -> /home/eashan-garg/MTRX4701_A4/build/perception/build/lib/perception
[0.687s] running install
[0.691s] running install_lib
[0.703s] creating /home/eashan-garg/MTRX4701_A4/install/perception/lib/python3.12/site-packages/perception
[0.703s] copying /home/eashan-garg/MTRX4701_A4/build/perception/build/lib/perception/__init__.py -> /home/eashan-garg/MTRX4701_A4/install/perception/lib/python3.12/site-packages/perception
[0.703s] copying /home/eashan-garg/MTRX4701_A4/build/perception/build/lib/perception/checkers_perception_node.py -> /home/eashan-garg/MTRX4701_A4/install/perception/lib/python3.12/site-packages/perception
[0.704s] byte-compiling /home/eashan-garg/MTRX4701_A4/install/perception/lib/python3.12/site-packages/perception/__init__.py to __init__.cpython-312.pyc
[0.704s] byte-compiling /home/eashan-garg/MTRX4701_A4/install/perception/lib/python3.12/site-packages/perception/checkers_perception_node.py to checkers_perception_node.cpython-312.pyc
[0.706s] running install_data
[0.706s] creating /home/eashan-garg/MTRX4701_A4/install/perception/share/ament_index
[0.706s] creating /home/eashan-garg/MTRX4701_A4/install/perception/share/ament_index/resource_index
[0.707s] creating /home/eashan-garg/MTRX4701_A4/install/perception/share/ament_index/resource_index/packages
[0.707s] copying resource/perception -> /home/eashan-garg/MTRX4701_A4/install/perception/share/ament_index/resource_index/packages
[0.707s] copying package.xml -> /home/eashan-garg/MTRX4701_A4/install/perception/share/perception
[0.707s] running install_egg_info
[0.719s] Copying ../../build/perception/perception.egg-info to /home/eashan-garg/MTRX4701_A4/install/perception/lib/python3.12/site-packages/perception-0.0.0-py3.12.egg-info
[0.719s] running install_scripts
[0.797s] Installing checkers_perception script to /home/eashan-garg/MTRX4701_A4/install/perception/lib/perception
[0.797s] writing list of installed files to '/home/eashan-garg/MTRX4701_A4/build/perception/install.log'
[0.815s] Invoked command in '/home/eashan-garg/MTRX4701_A4/src/perception' returned '0': DEBUGINFOD_URLS=https://debuginfod.ubuntu.com PYTHONPATH=/home/eashan-garg/MTRX4701_A4/build/perception/prefix_override:/usr/lib/python3/dist-packages/colcon_core/task/python/colcon_distutils_commands:/home/eashan-garg/MTRX4701_A4/install/perception/lib/python3.12/site-packages:${PYTHONPATH} /usr/bin/python3 -W ignore:setup.py install is deprecated -W ignore:easy_install command is deprecated setup.py egg_info --egg-base ../../build/perception build --build-base /home/eashan-garg/MTRX4701_A4/build/perception/build install --record /home/eashan-garg/MTRX4701_A4/build/perception/install.log --single-version-externally-managed install_data
