[1.045s] Invoking command in '/home/eashan-garg/MTRX4701_A4/src/perception': DEBUGINFOD_URLS=https://debuginfod.ubuntu.com PYTHONPATH=/home/eashan-garg/MTRX4701_A4/build/perception/prefix_override:/usr/lib/python3/dist-packages/colcon_core/task/python/colcon_distutils_commands:/home/eashan-garg/MTRX4701_A4/install/perception/lib/python3.12/site-packages:${PYTHONPATH} /usr/bin/python3 -W ignore:setup.py install is deprecated -W ignore:easy_install command is deprecated setup.py egg_info --egg-base ../../build/perception build --build-base /home/eashan-garg/MTRX4701_A4/build/perception/build install --record /home/eashan-garg/MTRX4701_A4/build/perception/install.log --single-version-externally-managed install_data
[1.216s] running egg_info
[1.226s] writing ../../build/perception/perception.egg-info/PKG-INFO
[1.226s] writing dependency_links to ../../build/perception/perception.egg-info/dependency_links.txt
[1.226s] writing entry points to ../../build/perception/perception.egg-info/entry_points.txt
[1.227s] writing requirements to ../../build/perception/perception.egg-info/requires.txt
[1.227s] writing top-level names to ../../build/perception/perception.egg-info/top_level.txt
[1.247s] reading manifest file '../../build/perception/perception.egg-info/SOURCES.txt'
[1.247s] writing manifest file '../../build/perception/perception.egg-info/SOURCES.txt'
[1.248s] running build
[1.248s] running build_py
[1.248s] copying perception/checkers_perception_node.py -> /home/eashan-garg/MTRX4701_A4/build/perception/build/lib/perception
[1.248s] running install
[1.252s] running install_lib
[1.262s] copying /home/eashan-garg/MTRX4701_A4/build/perception/build/lib/perception/checkers_perception_node.py -> /home/eashan-garg/MTRX4701_A4/install/perception/lib/python3.12/site-packages/perception
[1.262s] byte-compiling /home/eashan-garg/MTRX4701_A4/install/perception/lib/python3.12/site-packages/perception/checkers_perception_node.py to checkers_perception_node.cpython-312.pyc
[1.264s] running install_data
[1.265s] running install_egg_info
[1.275s] removing '/home/eashan-garg/MTRX4701_A4/install/perception/lib/python3.12/site-packages/perception-0.0.0-py3.12.egg-info' (and everything under it)
[1.276s] Copying ../../build/perception/perception.egg-info to /home/eashan-garg/MTRX4701_A4/install/perception/lib/python3.12/site-packages/perception-0.0.0-py3.12.egg-info
[1.276s] running install_scripts
[1.352s] Installing checkers_perception script to /home/eashan-garg/MTRX4701_A4/install/perception/lib/perception
[1.352s] writing list of installed files to '/home/eashan-garg/MTRX4701_A4/build/perception/install.log'
[1.373s] Invoked command in '/home/eashan-garg/MTRX4701_A4/src/perception' returned '0': DEBUGINFOD_URLS=https://debuginfod.ubuntu.com PYTHONPATH=/home/eashan-garg/MTRX4701_A4/build/perception/prefix_override:/usr/lib/python3/dist-packages/colcon_core/task/python/colcon_distutils_commands:/home/eashan-garg/MTRX4701_A4/install/perception/lib/python3.12/site-packages:${PYTHONPATH} /usr/bin/python3 -W ignore:setup.py install is deprecated -W ignore:easy_install command is deprecated setup.py egg_info --egg-base ../../build/perception build --build-base /home/eashan-garg/MTRX4701_A4/build/perception/build install --record /home/eashan-garg/MTRX4701_A4/build/perception/install.log --single-version-externally-managed install_data
