running egg_info
creating ../../build/game_engine/game_engine.egg-info
writing ../../build/game_engine/game_engine.egg-info/PKG-INFO
writing dependency_links to ../../build/game_engine/game_engine.egg-info/dependency_links.txt
writing entry points to ../../build/game_engine/game_engine.egg-info/entry_points.txt
writing requirements to ../../build/game_engine/game_engine.egg-info/requires.txt
writing top-level names to ../../build/game_engine/game_engine.egg-info/top_level.txt
writing manifest file '../../build/game_engine/game_engine.egg-info/SOURCES.txt'
reading manifest file '../../build/game_engine/game_engine.egg-info/SOURCES.txt'
writing manifest file '../../build/game_engine/game_engine.egg-info/SOURCES.txt'
running build
running build_py
creating /home/eashan-garg/MTRX4701_A4/build/game_engine/build
creating /home/eashan-garg/MTRX4701_A4/build/game_engine/build/lib
creating /home/eashan-garg/MTRX4701_A4/build/game_engine/build/lib/game_engine
copying game_engine/__init__.py -> /home/eashan-garg/MTRX4701_A4/build/game_engine/build/lib/game_engine
copying game_engine/game_controller.py -> /home/eashan-garg/MTRX4701_A4/build/game_engine/build/lib/game_engine
running install
running install_lib
creating /home/eashan-garg/MTRX4701_A4/install/game_engine/lib/python3.12/site-packages/game_engine
copying /home/eashan-garg/MTRX4701_A4/build/game_engine/build/lib/game_engine/__init__.py -> /home/eashan-garg/MTRX4701_A4/install/game_engine/lib/python3.12/site-packages/game_engine
copying /home/eashan-garg/MTRX4701_A4/build/game_engine/build/lib/game_engine/game_controller.py -> /home/eashan-garg/MTRX4701_A4/install/game_engine/lib/python3.12/site-packages/game_engine
byte-compiling /home/eashan-garg/MTRX4701_A4/install/game_engine/lib/python3.12/site-packages/game_engine/__init__.py to __init__.cpython-312.pyc
byte-compiling /home/eashan-garg/MTRX4701_A4/install/game_engine/lib/python3.12/site-packages/game_engine/game_controller.py to game_controller.cpython-312.pyc
running install_data
creating /home/eashan-garg/MTRX4701_A4/install/game_engine/share/ament_index
creating /home/eashan-garg/MTRX4701_A4/install/game_engine/share/ament_index/resource_index
creating /home/eashan-garg/MTRX4701_A4/install/game_engine/share/ament_index/resource_index/packages
copying resource/game_engine -> /home/eashan-garg/MTRX4701_A4/install/game_engine/share/ament_index/resource_index/packages
copying package.xml -> /home/eashan-garg/MTRX4701_A4/install/game_engine/share/game_engine
running install_egg_info
Copying ../../build/game_engine/game_engine.egg-info to /home/eashan-garg/MTRX4701_A4/install/game_engine/lib/python3.12/site-packages/game_engine-0.0.0-py3.12.egg-info
running install_scripts
Installing game_controller script to /home/eashan-garg/MTRX4701_A4/install/game_engine/lib/game_engine
writing list of installed files to '/home/eashan-garg/MTRX4701_A4/build/game_engine/install.log'
