[0.531s] Invoking command in '/home/eashan-garg/MTRX4701_A4/src/game_engine': DEBUGINFOD_URLS=https://debuginfod.ubuntu.com PYTHONPATH=/home/eashan-garg/MTRX4701_A4/build/game_engine/prefix_override:/usr/lib/python3/dist-packages/colcon_core/task/python/colcon_distutils_commands:/home/eashan-garg/MTRX4701_A4/install/game_engine/lib/python3.12/site-packages:${PYTHONPATH} /usr/bin/python3 -W ignore:setup.py install is deprecated -W ignore:easy_install command is deprecated setup.py egg_info --egg-base ../../build/game_engine build --build-base /home/eashan-garg/MTRX4701_A4/build/game_engine/build install --record /home/eashan-garg/MTRX4701_A4/build/game_engine/install.log --single-version-externally-managed install_data
[0.705s] running egg_info
[0.705s] creating ../../build/game_engine/game_engine.egg-info
[0.717s] writing ../../build/game_engine/game_engine.egg-info/PKG-INFO
[0.718s] writing dependency_links to ../../build/game_engine/game_engine.egg-info/dependency_links.txt
[0.718s] writing entry points to ../../build/game_engine/game_engine.egg-info/entry_points.txt
[0.718s] writing requirements to ../../build/game_engine/game_engine.egg-info/requires.txt
[0.718s] writing top-level names to ../../build/game_engine/game_engine.egg-info/top_level.txt
[0.718s] writing manifest file '../../build/game_engine/game_engine.egg-info/SOURCES.txt'
[0.743s] reading manifest file '../../build/game_engine/game_engine.egg-info/SOURCES.txt'
[0.744s] writing manifest file '../../build/game_engine/game_engine.egg-info/SOURCES.txt'
[0.744s] running build
[0.744s] running build_py
[0.744s] creating /home/eashan-garg/MTRX4701_A4/build/game_engine/build
[0.744s] creating /home/eashan-garg/MTRX4701_A4/build/game_engine/build/lib
[0.744s] creating /home/eashan-garg/MTRX4701_A4/build/game_engine/build/lib/game_engine
[0.744s] copying game_engine/__init__.py -> /home/eashan-garg/MTRX4701_A4/build/game_engine/build/lib/game_engine
[0.744s] copying game_engine/game_controller.py -> /home/eashan-garg/MTRX4701_A4/build/game_engine/build/lib/game_engine
[0.744s] running install
[0.749s] running install_lib
[0.761s] creating /home/eashan-garg/MTRX4701_A4/install/game_engine/lib/python3.12/site-packages/game_engine
[0.761s] copying /home/eashan-garg/MTRX4701_A4/build/game_engine/build/lib/game_engine/__init__.py -> /home/eashan-garg/MTRX4701_A4/install/game_engine/lib/python3.12/site-packages/game_engine
[0.761s] copying /home/eashan-garg/MTRX4701_A4/build/game_engine/build/lib/game_engine/game_controller.py -> /home/eashan-garg/MTRX4701_A4/install/game_engine/lib/python3.12/site-packages/game_engine
[0.762s] byte-compiling /home/eashan-garg/MTRX4701_A4/install/game_engine/lib/python3.12/site-packages/game_engine/__init__.py to __init__.cpython-312.pyc
[0.762s] byte-compiling /home/eashan-garg/MTRX4701_A4/install/game_engine/lib/python3.12/site-packages/game_engine/game_controller.py to game_controller.cpython-312.pyc
[0.763s] running install_data
[0.763s] creating /home/eashan-garg/MTRX4701_A4/install/game_engine/share/ament_index
[0.763s] creating /home/eashan-garg/MTRX4701_A4/install/game_engine/share/ament_index/resource_index
[0.763s] creating /home/eashan-garg/MTRX4701_A4/install/game_engine/share/ament_index/resource_index/packages
[0.763s] copying resource/game_engine -> /home/eashan-garg/MTRX4701_A4/install/game_engine/share/ament_index/resource_index/packages
[0.763s] copying package.xml -> /home/eashan-garg/MTRX4701_A4/install/game_engine/share/game_engine
[0.763s] running install_egg_info
[0.777s] Copying ../../build/game_engine/game_engine.egg-info to /home/eashan-garg/MTRX4701_A4/install/game_engine/lib/python3.12/site-packages/game_engine-0.0.0-py3.12.egg-info
[0.777s] running install_scripts
[0.861s] Installing game_controller script to /home/eashan-garg/MTRX4701_A4/install/game_engine/lib/game_engine
[0.862s] writing list of installed files to '/home/eashan-garg/MTRX4701_A4/build/game_engine/install.log'
[0.880s] Invoked command in '/home/eashan-garg/MTRX4701_A4/src/game_engine' returned '0': DEBUGINFOD_URLS=https://debuginfod.ubuntu.com PYTHONPATH=/home/eashan-garg/MTRX4701_A4/build/game_engine/prefix_override:/usr/lib/python3/dist-packages/colcon_core/task/python/colcon_distutils_commands:/home/eashan-garg/MTRX4701_A4/install/game_engine/lib/python3.12/site-packages:${PYTHONPATH} /usr/bin/python3 -W ignore:setup.py install is deprecated -W ignore:easy_install command is deprecated setup.py egg_info --egg-base ../../build/game_engine build --build-base /home/eashan-garg/MTRX4701_A4/build/game_engine/build install --record /home/eashan-garg/MTRX4701_A4/build/game_engine/install.log --single-version-externally-managed install_data
