[0.715s] Invoking command in '/home/eashan-garg/MTRX4701_A4/src/perception': DEBUGINFOD_URLS=https://debuginfod.ubuntu.com PYTHONPATH=/home/eashan-garg/MTRX4701_A4/build/perception/prefix_override:/usr/lib/python3/dist-packages/colcon_core/task/python/colcon_distutils_commands:/home/eashan-garg/MTRX4701_A4/install/perception/lib/python3.12/site-packages:${PYTHONPATH} /usr/bin/python3 -W ignore:setup.py install is deprecated -W ignore:easy_install command is deprecated setup.py egg_info --egg-base ../../build/perception build --build-base /home/eashan-garg/MTRX4701_A4/build/perception/build install --record /home/eashan-garg/MTRX4701_A4/build/perception/install.log --single-version-externally-managed install_data
[0.990s] running egg_info
[0.991s] creating ../../build/perception/perception.egg-info
[1.009s] writing ../../build/perception/perception.egg-info/PKG-INFO
[1.009s] writing dependency_links to ../../build/perception/perception.egg-info/dependency_links.txt
[1.010s] writing entry points to ../../build/perception/perception.egg-info/entry_points.txt
[1.010s] writing requirements to ../../build/perception/perception.egg-info/requires.txt
[1.010s] writing top-level names to ../../build/perception/perception.egg-info/top_level.txt
[1.010s] writing manifest file '../../build/perception/perception.egg-info/SOURCES.txt'
[1.048s] reading manifest file '../../build/perception/perception.egg-info/SOURCES.txt'
[1.049s] writing manifest file '../../build/perception/perception.egg-info/SOURCES.txt'
[1.049s] running build
[1.049s] running build_py
[1.050s] creating /home/eashan-garg/MTRX4701_A4/build/perception/build
[1.050s] creating /home/eashan-garg/MTRX4701_A4/build/perception/build/lib
[1.050s] creating /home/eashan-garg/MTRX4701_A4/build/perception/build/lib/perception
[1.050s] copying perception/__init__.py -> /home/eashan-garg/MTRX4701_A4/build/perception/build/lib/perception
[1.050s] copying perception/checkers_perception_node.py -> /home/eashan-garg/MTRX4701_A4/build/perception/build/lib/perception
[1.050s] running install
[1.056s] running install_lib
[1.075s] creating /home/eashan-garg/MTRX4701_A4/install/perception/lib/python3.12/site-packages/perception
[1.076s] copying /home/eashan-garg/MTRX4701_A4/build/perception/build/lib/perception/__init__.py -> /home/eashan-garg/MTRX4701_A4/install/perception/lib/python3.12/site-packages/perception
[1.076s] copying /home/eashan-garg/MTRX4701_A4/build/perception/build/lib/perception/checkers_perception_node.py -> /home/eashan-garg/MTRX4701_A4/install/perception/lib/python3.12/site-packages/perception
[1.076s] byte-compiling /home/eashan-garg/MTRX4701_A4/install/perception/lib/python3.12/site-packages/perception/__init__.py to __init__.cpython-312.pyc
[1.077s] byte-compiling /home/eashan-garg/MTRX4701_A4/install/perception/lib/python3.12/site-packages/perception/checkers_perception_node.py to checkers_perception_node.cpython-312.pyc
[1.079s] running install_data
[1.079s] creating /home/eashan-garg/MTRX4701_A4/install/perception/share/ament_index
[1.079s] creating /home/eashan-garg/MTRX4701_A4/install/perception/share/ament_index/resource_index
[1.079s] creating /home/eashan-garg/MTRX4701_A4/install/perception/share/ament_index/resource_index/packages
[1.080s] copying resource/perception -> /home/eashan-garg/MTRX4701_A4/install/perception/share/ament_index/resource_index/packages
[1.080s] copying package.xml -> /home/eashan-garg/MTRX4701_A4/install/perception/share/perception
[1.080s] running install_egg_info
[1.100s] Copying ../../build/perception/perception.egg-info to /home/eashan-garg/MTRX4701_A4/install/perception/lib/python3.12/site-packages/perception-0.0.0-py3.12.egg-info
[1.100s] running install_scripts
[1.233s] Installing checkers_perception script to /home/eashan-garg/MTRX4701_A4/install/perception/lib/perception
[1.233s] writing list of installed files to '/home/eashan-garg/MTRX4701_A4/build/perception/install.log'
[1.262s] Invoked command in '/home/eashan-garg/MTRX4701_A4/src/perception' returned '0': DEBUGINFOD_URLS=https://debuginfod.ubuntu.com PYTHONPATH=/home/eashan-garg/MTRX4701_A4/build/perception/prefix_override:/usr/lib/python3/dist-packages/colcon_core/task/python/colcon_distutils_commands:/home/eashan-garg/MTRX4701_A4/install/perception/lib/python3.12/site-packages:${PYTHONPATH} /usr/bin/python3 -W ignore:setup.py install is deprecated -W ignore:easy_install command is deprecated setup.py egg_info --egg-base ../../build/perception build --build-base /home/eashan-garg/MTRX4701_A4/build/perception/build install --record /home/eashan-garg/MTRX4701_A4/build/perception/install.log --single-version-externally-managed install_data
