running egg_info
writing ../../build/perception/perception.egg-info/PKG-INFO
writing dependency_links to ../../build/perception/perception.egg-info/dependency_links.txt
writing entry points to ../../build/perception/perception.egg-info/entry_points.txt
writing requirements to ../../build/perception/perception.egg-info/requires.txt
writing top-level names to ../../build/perception/perception.egg-info/top_level.txt
reading manifest file '../../build/perception/perception.egg-info/SOURCES.txt'
writing manifest file '../../build/perception/perception.egg-info/SOURCES.txt'
running build
running build_py
copying perception/checkers_perception_node.py -> /home/eashan-garg/MTRX4701_A4/build/perception/build/lib/perception
running install
running install_lib
copying /home/eashan-garg/MTRX4701_A4/build/perception/build/lib/perception/checkers_perception_node.py -> /home/eashan-garg/MTRX4701_A4/install/perception/lib/python3.12/site-packages/perception
byte-compiling /home/eashan-garg/MTRX4701_A4/install/perception/lib/python3.12/site-packages/perception/checkers_perception_node.py to checkers_perception_node.cpython-312.pyc
running install_data
running install_egg_info
removing '/home/eashan-garg/MTRX4701_A4/install/perception/lib/python3.12/site-packages/perception-0.0.0-py3.12.egg-info' (and everything under it)
Copying ../../build/perception/perception.egg-info to /home/eashan-garg/MTRX4701_A4/install/perception/lib/python3.12/site-packages/perception-0.0.0-py3.12.egg-info
running install_scripts
Installing checkers_perception script to /home/eashan-garg/MTRX4701_A4/install/perception/lib/perception
writing list of installed files to '/home/eashan-garg/MTRX4701_A4/build/perception/install.log'
