[0.109s] DEBUG:colcon:Command line arguments: ['/usr/bin/colcon', 'build']
[0.109s] DEBUG:colcon:Parsed command line arguments: Namespace(log_base=None, log_level=None, verb_name='build', build_base='build', install_base='install', merge_install=False, symlink_install=False, test_result_base=None, continue_on_error=False, executor='parallel', parallel_workers=22, event_handlers=None, ignore_user_meta=False, metas=['./colcon.meta'], base_paths=['.'], packages_ignore=None, packages_ignore_regex=None, paths=None, packages_up_to=None, packages_up_to_regex=None, packages_above=None, packages_above_and_dependencies=None, packages_above_depth=None, packages_select_by_dep=None, packages_skip_by_dep=None, packages_skip_up_to=None, packages_select_build_failed=False, packages_skip_build_finished=False, packages_select_test_failures=False, packages_skip_test_passed=False, packages_select=None, packages_skip=None, packages_select_regex=None, packages_skip_regex=None, packages_start=None, packages_end=None, allow_overriding=[], cmake_args=None, cmake_target=None, cmake_target_skip_unavailable=False, cmake_clean_cache=False, cmake_clean_first=False, cmake_force_configure=False, ament_cmake_args=None, catkin_cmake_args=None, catkin_skip_building_tests=False, mixin_files=None, mixin=None, verb_parser=<colcon_mixin.mixin.mixin_argument.MixinArgumentDecorator object at 0x7ecb9b38cd70>, verb_extension=<colcon_core.verb.build.BuildVerb object at 0x7ecb9b4ad070>, main=<bound method BuildVerb.main of <colcon_core.verb.build.BuildVerb object at 0x7ecb9b4ad070>>, mixin_verb=('build',))
[0.148s] Level 1:colcon.colcon_core.package_discovery:discover_packages(colcon_meta) check parameters
[0.148s] Level 1:colcon.colcon_core.package_discovery:discover_packages(recursive) check parameters
[0.148s] Level 1:colcon.colcon_core.package_discovery:discover_packages(ignore) check parameters
[0.148s] Level 1:colcon.colcon_core.package_discovery:discover_packages(path) check parameters
[0.148s] Level 1:colcon.colcon_core.package_discovery:discover_packages(colcon_meta) discover
[0.148s] Level 1:colcon.colcon_core.package_discovery:discover_packages(recursive) discover
[0.148s] INFO:colcon.colcon_core.package_discovery:Crawling recursively for packages in '/home/eashan-garg/MTRX4701_A4'
[0.148s] Level 1:colcon.colcon_core.package_identification:_identify(.) by extensions ['ignore', 'ignore_ament_install']
[0.148s] Level 1:colcon.colcon_core.package_identification:_identify(.) by extension 'ignore'
[0.149s] Level 1:colcon.colcon_core.package_identification:_identify(.) by extension 'ignore_ament_install'
[0.149s] Level 1:colcon.colcon_core.package_identification:_identify(.) by extensions ['colcon_pkg']
[0.149s] Level 1:colcon.colcon_core.package_identification:_identify(.) by extension 'colcon_pkg'
[0.149s] Level 1:colcon.colcon_core.package_identification:_identify(.) by extensions ['colcon_meta']
[0.149s] Level 1:colcon.colcon_core.package_identification:_identify(.) by extension 'colcon_meta'
[0.149s] Level 1:colcon.colcon_core.package_identification:_identify(.) by extensions ['ros']
[0.149s] Level 1:colcon.colcon_core.package_identification:_identify(.) by extension 'ros'
[0.176s] Level 1:colcon.colcon_core.package_identification:_identify(.) by extensions ['cmake', 'python']
[0.176s] Level 1:colcon.colcon_core.package_identification:_identify(.) by extension 'cmake'
[0.176s] Level 1:colcon.colcon_core.package_identification:_identify(.) by extension 'python'
[0.176s] Level 1:colcon.colcon_core.package_identification:_identify(.) by extensions ['python_setup_py']
[0.176s] Level 1:colcon.colcon_core.package_identification:_identify(.) by extension 'python_setup_py'
[0.176s] Level 1:colcon.colcon_core.package_identification:_identify(build) by extensions ['ignore', 'ignore_ament_install']
[0.176s] Level 1:colcon.colcon_core.package_identification:_identify(build) by extension 'ignore'
[0.176s] Level 1:colcon.colcon_core.package_identification:_identify(build) ignored
[0.176s] Level 1:colcon.colcon_core.package_identification:_identify(install) by extensions ['ignore', 'ignore_ament_install']
[0.176s] Level 1:colcon.colcon_core.package_identification:_identify(install) by extension 'ignore'
[0.176s] Level 1:colcon.colcon_core.package_identification:_identify(install) ignored
[0.177s] Level 1:colcon.colcon_core.package_identification:_identify(log) by extensions ['ignore', 'ignore_ament_install']
[0.177s] Level 1:colcon.colcon_core.package_identification:_identify(log) by extension 'ignore'
[0.177s] Level 1:colcon.colcon_core.package_identification:_identify(log) ignored
[0.177s] Level 1:colcon.colcon_core.package_identification:_identify(src) by extensions ['ignore', 'ignore_ament_install']
[0.177s] Level 1:colcon.colcon_core.package_identification:_identify(src) by extension 'ignore'
[0.177s] Level 1:colcon.colcon_core.package_identification:_identify(src) by extension 'ignore_ament_install'
[0.177s] Level 1:colcon.colcon_core.package_identification:_identify(src) by extensions ['colcon_pkg']
[0.177s] Level 1:colcon.colcon_core.package_identification:_identify(src) by extension 'colcon_pkg'
[0.177s] Level 1:colcon.colcon_core.package_identification:_identify(src) by extensions ['colcon_meta']
[0.177s] Level 1:colcon.colcon_core.package_identification:_identify(src) by extension 'colcon_meta'
[0.177s] Level 1:colcon.colcon_core.package_identification:_identify(src) by extensions ['ros']
[0.177s] Level 1:colcon.colcon_core.package_identification:_identify(src) by extension 'ros'
[0.177s] Level 1:colcon.colcon_core.package_identification:_identify(src) by extensions ['cmake', 'python']
[0.177s] Level 1:colcon.colcon_core.package_identification:_identify(src) by extension 'cmake'
[0.177s] Level 1:colcon.colcon_core.package_identification:_identify(src) by extension 'python'
[0.177s] Level 1:colcon.colcon_core.package_identification:_identify(src) by extensions ['python_setup_py']
[0.177s] Level 1:colcon.colcon_core.package_identification:_identify(src) by extension 'python_setup_py'
[0.177s] Level 1:colcon.colcon_core.package_identification:_identify(src/game_engine) by extensions ['ignore', 'ignore_ament_install']
[0.177s] Level 1:colcon.colcon_core.package_identification:_identify(src/game_engine) by extension 'ignore'
[0.177s] Level 1:colcon.colcon_core.package_identification:_identify(src/game_engine) by extension 'ignore_ament_install'
[0.178s] Level 1:colcon.colcon_core.package_identification:_identify(src/game_engine) by extensions ['colcon_pkg']
[0.178s] Level 1:colcon.colcon_core.package_identification:_identify(src/game_engine) by extension 'colcon_pkg'
[0.178s] Level 1:colcon.colcon_core.package_identification:_identify(src/game_engine) by extensions ['colcon_meta']
[0.178s] Level 1:colcon.colcon_core.package_identification:_identify(src/game_engine) by extension 'colcon_meta'
[0.178s] Level 1:colcon.colcon_core.package_identification:_identify(src/game_engine) by extensions ['ros']
[0.178s] Level 1:colcon.colcon_core.package_identification:_identify(src/game_engine) by extension 'ros'
[0.180s] DEBUG:colcon.colcon_core.package_identification:Package 'src/game_engine' with type 'ros.ament_python' and name 'game_engine'
[0.180s] Level 1:colcon.colcon_core.package_identification:_identify(src/perception) by extensions ['ignore', 'ignore_ament_install']
[0.180s] Level 1:colcon.colcon_core.package_identification:_identify(src/perception) by extension 'ignore'
[0.180s] Level 1:colcon.colcon_core.package_identification:_identify(src/perception) by extension 'ignore_ament_install'
[0.181s] Level 1:colcon.colcon_core.package_identification:_identify(src/perception) by extensions ['colcon_pkg']
[0.181s] Level 1:colcon.colcon_core.package_identification:_identify(src/perception) by extension 'colcon_pkg'
[0.181s] Level 1:colcon.colcon_core.package_identification:_identify(src/perception) by extensions ['colcon_meta']
[0.181s] Level 1:colcon.colcon_core.package_identification:_identify(src/perception) by extension 'colcon_meta'
[0.181s] Level 1:colcon.colcon_core.package_identification:_identify(src/perception) by extensions ['ros']
[0.181s] Level 1:colcon.colcon_core.package_identification:_identify(src/perception) by extension 'ros'
[0.182s] DEBUG:colcon.colcon_core.package_identification:Package 'src/perception' with type 'ros.ament_python' and name 'perception'
[0.182s] Level 1:colcon.colcon_core.package_discovery:discover_packages(recursive) using defaults
[0.182s] Level 1:colcon.colcon_core.package_discovery:discover_packages(ignore) discover
[0.182s] Level 1:colcon.colcon_core.package_discovery:discover_packages(ignore) using defaults
[0.182s] Level 1:colcon.colcon_core.package_discovery:discover_packages(path) discover
[0.182s] Level 1:colcon.colcon_core.package_discovery:discover_packages(path) using defaults
[0.201s] Level 1:colcon.colcon_core.package_discovery:discover_packages(prefix_path) check parameters
[0.201s] Level 1:colcon.colcon_core.package_discovery:discover_packages(prefix_path) discover
[0.203s] DEBUG:colcon.colcon_installed_package_information.package_discovery:Found 2 installed packages in /home/eashan-garg/MTRX4701_A4/install
[0.204s] DEBUG:colcon.colcon_installed_package_information.package_discovery:Found 324 installed packages in /opt/ros/jazzy
[0.206s] Level 1:colcon.colcon_core.package_discovery:discover_packages(prefix_path) using defaults
[0.247s] Level 5:colcon.colcon_core.verb:set package 'game_engine' build argument 'cmake_args' from command line to 'None'
[0.247s] Level 5:colcon.colcon_core.verb:set package 'game_engine' build argument 'cmake_target' from command line to 'None'
[0.247s] Level 5:colcon.colcon_core.verb:set package 'game_engine' build argument 'cmake_target_skip_unavailable' from command line to 'False'
[0.247s] Level 5:colcon.colcon_core.verb:set package 'game_engine' build argument 'cmake_clean_cache' from command line to 'False'
[0.247s] Level 5:colcon.colcon_core.verb:set package 'game_engine' build argument 'cmake_clean_first' from command line to 'False'
[0.247s] Level 5:colcon.colcon_core.verb:set package 'game_engine' build argument 'cmake_force_configure' from command line to 'False'
[0.247s] Level 5:colcon.colcon_core.verb:set package 'game_engine' build argument 'ament_cmake_args' from command line to 'None'
[0.247s] Level 5:colcon.colcon_core.verb:set package 'game_engine' build argument 'catkin_cmake_args' from command line to 'None'
[0.247s] Level 5:colcon.colcon_core.verb:set package 'game_engine' build argument 'catkin_skip_building_tests' from command line to 'False'
[0.247s] DEBUG:colcon.colcon_core.verb:Building package 'game_engine' with the following arguments: {'ament_cmake_args': None, 'build_base': '/home/eashan-garg/MTRX4701_A4/build/game_engine', 'catkin_cmake_args': None, 'catkin_skip_building_tests': False, 'cmake_args': None, 'cmake_clean_cache': False, 'cmake_clean_first': False, 'cmake_force_configure': False, 'cmake_target': None, 'cmake_target_skip_unavailable': False, 'install_base': '/home/eashan-garg/MTRX4701_A4/install/game_engine', 'merge_install': False, 'path': '/home/eashan-garg/MTRX4701_A4/src/game_engine', 'symlink_install': False, 'test_result_base': None}
[0.248s] Level 5:colcon.colcon_core.verb:set package 'perception' build argument 'cmake_args' from command line to 'None'
[0.248s] Level 5:colcon.colcon_core.verb:set package 'perception' build argument 'cmake_target' from command line to 'None'
[0.248s] Level 5:colcon.colcon_core.verb:set package 'perception' build argument 'cmake_target_skip_unavailable' from command line to 'False'
[0.248s] Level 5:colcon.colcon_core.verb:set package 'perception' build argument 'cmake_clean_cache' from command line to 'False'
[0.248s] Level 5:colcon.colcon_core.verb:set package 'perception' build argument 'cmake_clean_first' from command line to 'False'
[0.248s] Level 5:colcon.colcon_core.verb:set package 'perception' build argument 'cmake_force_configure' from command line to 'False'
[0.248s] Level 5:colcon.colcon_core.verb:set package 'perception' build argument 'ament_cmake_args' from command line to 'None'
[0.248s] Level 5:colcon.colcon_core.verb:set package 'perception' build argument 'catkin_cmake_args' from command line to 'None'
[0.248s] Level 5:colcon.colcon_core.verb:set package 'perception' build argument 'catkin_skip_building_tests' from command line to 'False'
[0.248s] DEBUG:colcon.colcon_core.verb:Building package 'perception' with the following arguments: {'ament_cmake_args': None, 'build_base': '/home/eashan-garg/MTRX4701_A4/build/perception', 'catkin_cmake_args': None, 'catkin_skip_building_tests': False, 'cmake_args': None, 'cmake_clean_cache': False, 'cmake_clean_first': False, 'cmake_force_configure': False, 'cmake_target': None, 'cmake_target_skip_unavailable': False, 'install_base': '/home/eashan-garg/MTRX4701_A4/install/perception', 'merge_install': False, 'path': '/home/eashan-garg/MTRX4701_A4/src/perception', 'symlink_install': False, 'test_result_base': None}
[0.248s] INFO:colcon.colcon_core.executor:Executing jobs using 'parallel' executor
[0.249s] DEBUG:colcon.colcon_parallel_executor.executor.parallel:run_until_complete
[0.249s] INFO:colcon.colcon_ros.task.ament_python.build:Building ROS package in '/home/eashan-garg/MTRX4701_A4/src/game_engine' with build type 'ament_python'
[0.249s] Level 1:colcon.colcon_core.shell:create_environment_hook('game_engine', 'ament_prefix_path')
[0.251s] INFO:colcon.colcon_core.plugin_system:Skipping extension 'colcon_core.shell.bat': Not used on non-Windows systems
[0.252s] INFO:colcon.colcon_core.shell:Creating environment hook '/home/eashan-garg/MTRX4701_A4/install/game_engine/share/game_engine/hook/ament_prefix_path.ps1'
[0.252s] INFO:colcon.colcon_core.shell:Creating environment descriptor '/home/eashan-garg/MTRX4701_A4/install/game_engine/share/game_engine/hook/ament_prefix_path.dsv'
[0.253s] INFO:colcon.colcon_core.shell:Creating environment hook '/home/eashan-garg/MTRX4701_A4/install/game_engine/share/game_engine/hook/ament_prefix_path.sh'
[0.254s] INFO:colcon.colcon_core.shell:Skip shell extension 'powershell' for command environment: Not usable outside of PowerShell
[0.254s] DEBUG:colcon.colcon_core.shell:Skip shell extension 'dsv' for command environment
[0.257s] INFO:colcon.colcon_ros.task.ament_python.build:Building ROS package in '/home/eashan-garg/MTRX4701_A4/src/perception' with build type 'ament_python'
[0.258s] Level 1:colcon.colcon_core.shell:create_environment_hook('perception', 'ament_prefix_path')
[0.258s] INFO:colcon.colcon_core.shell:Creating environment hook '/home/eashan-garg/MTRX4701_A4/install/perception/share/perception/hook/ament_prefix_path.ps1'
[0.258s] INFO:colcon.colcon_core.shell:Creating environment descriptor '/home/eashan-garg/MTRX4701_A4/install/perception/share/perception/hook/ament_prefix_path.dsv'
[0.258s] INFO:colcon.colcon_core.shell:Creating environment hook '/home/eashan-garg/MTRX4701_A4/install/perception/share/perception/hook/ament_prefix_path.sh'
[0.259s] INFO:colcon.colcon_core.shell:Skip shell extension 'powershell' for command environment: Not usable outside of PowerShell
[0.259s] DEBUG:colcon.colcon_core.shell:Skip shell extension 'dsv' for command environment
[0.506s] INFO:colcon.colcon_core.task.python.build:Building Python package in '/home/eashan-garg/MTRX4701_A4/src/game_engine'
[0.506s] INFO:colcon.colcon_core.shell:Skip shell extension 'powershell' for command environment: Not usable outside of PowerShell
[0.506s] DEBUG:colcon.colcon_core.shell:Skip shell extension 'dsv' for command environment
[0.721s] INFO:colcon.colcon_core.task.python.build:Building Python package in '/home/eashan-garg/MTRX4701_A4/src/perception'
[0.721s] INFO:colcon.colcon_core.shell:Skip shell extension 'powershell' for command environment: Not usable outside of PowerShell
[0.721s] DEBUG:colcon.colcon_core.shell:Skip shell extension 'dsv' for command environment
[1.114s] DEBUG:colcon.colcon_core.event_handler.log_command:Invoking command in '/home/eashan-garg/MTRX4701_A4/src/perception': DEBUGINFOD_URLS=https://debuginfod.ubuntu.com PYTHONPATH=/home/eashan-garg/MTRX4701_A4/build/perception/prefix_override:/usr/lib/python3/dist-packages/colcon_core/task/python/colcon_distutils_commands:/home/eashan-garg/MTRX4701_A4/install/perception/lib/python3.12/site-packages:${PYTHONPATH} /usr/bin/python3 -W ignore:setup.py install is deprecated -W ignore:easy_install command is deprecated setup.py egg_info --egg-base ../../build/perception build --build-base /home/eashan-garg/MTRX4701_A4/build/perception/build install --record /home/eashan-garg/MTRX4701_A4/build/perception/install.log --single-version-externally-managed install_data
[1.309s] DEBUG:colcon.colcon_core.event_handler.log_command:Invoking command in '/home/eashan-garg/MTRX4701_A4/src/game_engine': DEBUGINFOD_URLS=https://debuginfod.ubuntu.com PYTHONPATH=/home/eashan-garg/MTRX4701_A4/build/game_engine/prefix_override:/usr/lib/python3/dist-packages/colcon_core/task/python/colcon_distutils_commands:/home/eashan-garg/MTRX4701_A4/install/game_engine/lib/python3.12/site-packages:${PYTHONPATH} /usr/bin/python3 -W ignore:setup.py install is deprecated -W ignore:easy_install command is deprecated setup.py egg_info --egg-base ../../build/game_engine build --build-base /home/eashan-garg/MTRX4701_A4/build/game_engine/build install --record /home/eashan-garg/MTRX4701_A4/build/game_engine/install.log --single-version-externally-managed install_data
[1.546s] DEBUG:colcon.colcon_core.event_handler.log_command:Invoked command in '/home/eashan-garg/MTRX4701_A4/src/perception' returned '0': DEBUGINFOD_URLS=https://debuginfod.ubuntu.com PYTHONPATH=/home/eashan-garg/MTRX4701_A4/build/perception/prefix_override:/usr/lib/python3/dist-packages/colcon_core/task/python/colcon_distutils_commands:/home/eashan-garg/MTRX4701_A4/install/perception/lib/python3.12/site-packages:${PYTHONPATH} /usr/bin/python3 -W ignore:setup.py install is deprecated -W ignore:easy_install command is deprecated setup.py egg_info --egg-base ../../build/perception build --build-base /home/eashan-garg/MTRX4701_A4/build/perception/build install --record /home/eashan-garg/MTRX4701_A4/build/perception/install.log --single-version-externally-managed install_data
[1.548s] Level 1:colcon.colcon_core.environment:checking '/home/eashan-garg/MTRX4701_A4/install/perception' for CMake module files
[1.548s] Level 1:colcon.colcon_core.environment:checking '/home/eashan-garg/MTRX4701_A4/install/perception' for CMake config files
[1.548s] Level 1:colcon.colcon_core.environment:checking '/home/eashan-garg/MTRX4701_A4/install/perception/lib'
[1.549s] Level 1:colcon.colcon_core.environment:checking '/home/eashan-garg/MTRX4701_A4/install/perception/bin'
[1.549s] Level 1:colcon.colcon_core.environment:checking '/home/eashan-garg/MTRX4701_A4/install/perception/lib/pkgconfig/perception.pc'
[1.549s] Level 1:colcon.colcon_core.environment:checking '/home/eashan-garg/MTRX4701_A4/install/perception/lib/python3.12/site-packages'
[1.549s] Level 1:colcon.colcon_core.shell:create_environment_hook('perception', 'pythonpath')
[1.549s] INFO:colcon.colcon_core.shell:Creating environment hook '/home/eashan-garg/MTRX4701_A4/install/perception/share/perception/hook/pythonpath.ps1'
[1.550s] INFO:colcon.colcon_core.shell:Creating environment descriptor '/home/eashan-garg/MTRX4701_A4/install/perception/share/perception/hook/pythonpath.dsv'
[1.550s] INFO:colcon.colcon_core.shell:Creating environment hook '/home/eashan-garg/MTRX4701_A4/install/perception/share/perception/hook/pythonpath.sh'
[1.551s] Level 1:colcon.colcon_core.environment:checking '/home/eashan-garg/MTRX4701_A4/install/perception/bin'
[1.551s] Level 1:colcon.colcon_core.environment:create_environment_scripts_only(perception)
[1.551s] INFO:colcon.colcon_core.shell:Creating package script '/home/eashan-garg/MTRX4701_A4/install/perception/share/perception/package.ps1'
[1.552s] INFO:colcon.colcon_core.shell:Creating package descriptor '/home/eashan-garg/MTRX4701_A4/install/perception/share/perception/package.dsv'
[1.553s] INFO:colcon.colcon_core.shell:Creating package script '/home/eashan-garg/MTRX4701_A4/install/perception/share/perception/package.sh'
[1.554s] INFO:colcon.colcon_core.shell:Creating package script '/home/eashan-garg/MTRX4701_A4/install/perception/share/perception/package.bash'
[1.554s] INFO:colcon.colcon_core.shell:Creating package script '/home/eashan-garg/MTRX4701_A4/install/perception/share/perception/package.zsh'
[1.555s] Level 1:colcon.colcon_core.environment:create_file_with_runtime_dependencies(/home/eashan-garg/MTRX4701_A4/install/perception/share/colcon-core/packages/perception)
[1.610s] Level 1:colcon.colcon_core.environment:checking '/home/eashan-garg/MTRX4701_A4/install/game_engine' for CMake module files
[1.611s] DEBUG:colcon.colcon_core.event_handler.log_command:Invoked command in '/home/eashan-garg/MTRX4701_A4/src/game_engine' returned '0': DEBUGINFOD_URLS=https://debuginfod.ubuntu.com PYTHONPATH=/home/eashan-garg/MTRX4701_A4/build/game_engine/prefix_override:/usr/lib/python3/dist-packages/colcon_core/task/python/colcon_distutils_commands:/home/eashan-garg/MTRX4701_A4/install/game_engine/lib/python3.12/site-packages:${PYTHONPATH} /usr/bin/python3 -W ignore:setup.py install is deprecated -W ignore:easy_install command is deprecated setup.py egg_info --egg-base ../../build/game_engine build --build-base /home/eashan-garg/MTRX4701_A4/build/game_engine/build install --record /home/eashan-garg/MTRX4701_A4/build/game_engine/install.log --single-version-externally-managed install_data
[1.611s] Level 1:colcon.colcon_core.environment:checking '/home/eashan-garg/MTRX4701_A4/install/game_engine' for CMake config files
[1.612s] Level 1:colcon.colcon_core.environment:checking '/home/eashan-garg/MTRX4701_A4/install/game_engine/lib'
[1.612s] Level 1:colcon.colcon_core.environment:checking '/home/eashan-garg/MTRX4701_A4/install/game_engine/bin'
[1.612s] Level 1:colcon.colcon_core.environment:checking '/home/eashan-garg/MTRX4701_A4/install/game_engine/lib/pkgconfig/game_engine.pc'
[1.613s] Level 1:colcon.colcon_core.environment:checking '/home/eashan-garg/MTRX4701_A4/install/game_engine/lib/python3.12/site-packages'
[1.613s] Level 1:colcon.colcon_core.shell:create_environment_hook('game_engine', 'pythonpath')
[1.613s] INFO:colcon.colcon_core.shell:Creating environment hook '/home/eashan-garg/MTRX4701_A4/install/game_engine/share/game_engine/hook/pythonpath.ps1'
[1.613s] INFO:colcon.colcon_core.shell:Creating environment descriptor '/home/eashan-garg/MTRX4701_A4/install/game_engine/share/game_engine/hook/pythonpath.dsv'
[1.614s] INFO:colcon.colcon_core.shell:Creating environment hook '/home/eashan-garg/MTRX4701_A4/install/game_engine/share/game_engine/hook/pythonpath.sh'
[1.615s] Level 1:colcon.colcon_core.environment:checking '/home/eashan-garg/MTRX4701_A4/install/game_engine/bin'
[1.615s] Level 1:colcon.colcon_core.environment:create_environment_scripts_only(game_engine)
[1.615s] INFO:colcon.colcon_core.shell:Creating package script '/home/eashan-garg/MTRX4701_A4/install/game_engine/share/game_engine/package.ps1'
[1.616s] INFO:colcon.colcon_core.shell:Creating package descriptor '/home/eashan-garg/MTRX4701_A4/install/game_engine/share/game_engine/package.dsv'
[1.616s] INFO:colcon.colcon_core.shell:Creating package script '/home/eashan-garg/MTRX4701_A4/install/game_engine/share/game_engine/package.sh'
[1.617s] INFO:colcon.colcon_core.shell:Creating package script '/home/eashan-garg/MTRX4701_A4/install/game_engine/share/game_engine/package.bash'
[1.617s] INFO:colcon.colcon_core.shell:Creating package script '/home/eashan-garg/MTRX4701_A4/install/game_engine/share/game_engine/package.zsh'
[1.618s] Level 1:colcon.colcon_core.environment:create_file_with_runtime_dependencies(/home/eashan-garg/MTRX4701_A4/install/game_engine/share/colcon-core/packages/game_engine)
[1.618s] DEBUG:colcon.colcon_parallel_executor.executor.parallel:closing loop
[1.618s] DEBUG:colcon.colcon_parallel_executor.executor.parallel:loop closed
[1.618s] DEBUG:colcon.colcon_parallel_executor.executor.parallel:run_until_complete finished with '0'
[1.618s] DEBUG:colcon.colcon_core.event_reactor:joining thread
[1.627s] INFO:colcon.colcon_core.plugin_system:Skipping extension 'colcon_notification.desktop_notification.terminal_notifier': Not used on non-Darwin systems
[1.627s] INFO:colcon.colcon_core.plugin_system:Skipping extension 'colcon_notification.desktop_notification.win32': Not used on non-Windows systems
[1.627s] INFO:colcon.colcon_notification.desktop_notification:Sending desktop notification using 'notify2'
[1.650s] DEBUG:colcon.colcon_core.event_reactor:joined thread
[1.650s] INFO:colcon.colcon_core.shell:Creating prefix script '/home/eashan-garg/MTRX4701_A4/install/local_setup.ps1'
[1.651s] INFO:colcon.colcon_core.shell:Creating prefix util module '/home/eashan-garg/MTRX4701_A4/install/_local_setup_util_ps1.py'
[1.652s] INFO:colcon.colcon_core.shell:Creating prefix chain script '/home/eashan-garg/MTRX4701_A4/install/setup.ps1'
[1.653s] INFO:colcon.colcon_core.shell:Creating prefix script '/home/eashan-garg/MTRX4701_A4/install/local_setup.sh'
[1.653s] INFO:colcon.colcon_core.shell:Creating prefix util module '/home/eashan-garg/MTRX4701_A4/install/_local_setup_util_sh.py'
[1.653s] INFO:colcon.colcon_core.shell:Creating prefix chain script '/home/eashan-garg/MTRX4701_A4/install/setup.sh'
[1.654s] INFO:colcon.colcon_core.shell:Creating prefix script '/home/eashan-garg/MTRX4701_A4/install/local_setup.bash'
[1.654s] INFO:colcon.colcon_core.shell:Creating prefix chain script '/home/eashan-garg/MTRX4701_A4/install/setup.bash'
[1.655s] INFO:colcon.colcon_core.shell:Creating prefix script '/home/eashan-garg/MTRX4701_A4/install/local_setup.zsh'
[1.656s] INFO:colcon.colcon_core.shell:Creating prefix chain script '/home/eashan-garg/MTRX4701_A4/install/setup.zsh'
