[0.501s] Invoking command in '/home/eashan-garg/MTRX4701_A4/src/perception': DEBUGINFOD_URLS=https://debuginfod.ubuntu.com PYTHONPATH=/home/eashan-garg/MTRX4701_A4/build/perception/prefix_override:/usr/lib/python3/dist-packages/colcon_core/task/python/colcon_distutils_commands:/home/eashan-garg/MTRX4701_A4/install/perception/lib/python3.12/site-packages:${PYTHONPATH} /usr/bin/python3 -W ignore:setup.py install is deprecated -W ignore:easy_install command is deprecated setup.py egg_info --egg-base ../../build/perception build --build-base /home/eashan-garg/MTRX4701_A4/build/perception/build install --record /home/eashan-garg/MTRX4701_A4/build/perception/install.log --single-version-externally-managed install_data
[0.663s] running egg_info
[0.674s] writing ../../build/perception/perception.egg-info/PKG-INFO
[0.675s] writing dependency_links to ../../build/perception/perception.egg-info/dependency_links.txt
[0.675s] writing entry points to ../../build/perception/perception.egg-info/entry_points.txt
[0.675s] writing requirements to ../../build/perception/perception.egg-info/requires.txt
[0.675s] writing top-level names to ../../build/perception/perception.egg-info/top_level.txt
[0.698s] reading manifest file '../../build/perception/perception.egg-info/SOURCES.txt'
[0.698s] writing manifest file '../../build/perception/perception.egg-info/SOURCES.txt'
[0.698s] running build
[0.698s] running build_py
[0.699s] copying perception/checkers_perception_node.py -> /home/eashan-garg/MTRX4701_A4/build/perception/build/lib/perception
[0.699s] running install
[0.703s] running install_lib
[0.714s] copying /home/eashan-garg/MTRX4701_A4/build/perception/build/lib/perception/checkers_perception_node.py -> /home/eashan-garg/MTRX4701_A4/install/perception/lib/python3.12/site-packages/perception
[0.715s] byte-compiling /home/eashan-garg/MTRX4701_A4/install/perception/lib/python3.12/site-packages/perception/checkers_perception_node.py to checkers_perception_node.cpython-312.pyc
[0.718s] running install_data
[0.718s] running install_egg_info
[0.730s] removing '/home/eashan-garg/MTRX4701_A4/install/perception/lib/python3.12/site-packages/perception-0.0.0-py3.12.egg-info' (and everything under it)
[0.730s] Copying ../../build/perception/perception.egg-info to /home/eashan-garg/MTRX4701_A4/install/perception/lib/python3.12/site-packages/perception-0.0.0-py3.12.egg-info
[0.731s] running install_scripts
[0.810s] Installing checkers_perception script to /home/eashan-garg/MTRX4701_A4/install/perception/lib/perception
[0.810s] writing list of installed files to '/home/eashan-garg/MTRX4701_A4/build/perception/install.log'
[0.827s] Invoked command in '/home/eashan-garg/MTRX4701_A4/src/perception' returned '0': DEBUGINFOD_URLS=https://debuginfod.ubuntu.com PYTHONPATH=/home/eashan-garg/MTRX4701_A4/build/perception/prefix_override:/usr/lib/python3/dist-packages/colcon_core/task/python/colcon_distutils_commands:/home/eashan-garg/MTRX4701_A4/install/perception/lib/python3.12/site-packages:${PYTHONPATH} /usr/bin/python3 -W ignore:setup.py install is deprecated -W ignore:easy_install command is deprecated setup.py egg_info --egg-base ../../build/perception build --build-base /home/eashan-garg/MTRX4701_A4/build/perception/build install --record /home/eashan-garg/MTRX4701_A4/build/perception/install.log --single-version-externally-managed install_data
